CUDA_VISIBLE_DEVICES=0,1
Wed Sep 24 19:19:01 2025       
+-----------------------------------------------------------------------------------------+
| NVIDIA-SMI 575.57.08              Driver Version: 575.57.08      CUDA Version: 12.9     |
|-----------------------------------------+------------------------+----------------------+
| GPU  Name                 Persistence-M | Bus-Id          Disp.A | Volatile Uncorr. ECC |
| Fan  Temp   Perf          Pwr:Usage/Cap |           Memory-Usage | GPU-Util  Compute M. |
|                                         |                        |               MIG M. |
|=========================================+========================+======================|
|   0  NVIDIA RTX A6000               Off |   00000000:5E:00.0 Off |                  Off |
| 30%   33C    P8             20W /  300W |       1MiB /  49140MiB |      0%      Default |
|                                         |                        |                  N/A |
+-----------------------------------------+------------------------+----------------------+
|   1  NVIDIA RTX A6000               Off |   00000000:86:00.0 Off |                  Off |
| 30%   32C    P8             17W /  300W |       1MiB /  49140MiB |      0%      Default |
|                                         |                        |                  N/A |
+-----------------------------------------+------------------------+----------------------+
                                                                                         
+-----------------------------------------------------------------------------------------+
| Processes:                                                                              |
|  GPU   GI   CI              PID   Type   Process name                        GPU Memory |
|        ID   ID                                                               Usage      |
|=========================================================================================|
|  No running processes found                                                             |
+-----------------------------------------------------------------------------------------+

[2025-09-24 19:19:15,111] [INFO] [logging.py:107:log_dist] [Rank -1] [TorchCheckpointEngine] Initialized with serialization = False
[2025-09-24 19:19:15,610] [INFO] [logging.py:107:log_dist] [Rank -1] [TorchCheckpointEngine] Initialized with serialization = False
[2025-09-24 19:19:17,306] [INFO] [comm.py:821:init_distributed] cdb=None
[2025-09-24 19:19:17,562] [INFO] [comm.py:821:init_distributed] cdb=None
[2025-09-24 19:19:17,562] [INFO] [comm.py:852:init_distributed] Initializing TorchBackend in DeepSpeed with backend nccl
[2025-09-24 19:19:18,501] [INFO] [config.py:684:__init__] Config mesh_device None world_size = 2
[2025-09-24 19:19:18,535] [INFO] [config.py:684:__init__] Config mesh_device None world_size = 2
[2025-09-24 19:19:41,012] [INFO] [partition_parameters.py:366:__exit__] finished initializing model - num_params = 729, num_elems = 8.29B
Loading checkpoint shards: 100%|###############################################################| 4/4 [00:14<00:00,  3.53s/it]
Loading checkpoint shards: 100%|###############################################################| 4/4 [00:14<00:00,  3.56s/it]
Found 196 lora modules: ['model.language_model.layers.0.self_attn.q_proj', 'model.language_model.layers.0.self_attn.k_proj', 'model.language_model.layers.0.self_attn.v_proj', 'model.language_model.layers.0.self_attn.o_proj', 'model.language_model.layers.0.mlp.gate_proj', 'model.language_model.layers.0.mlp.up_proj', 'model.language_model.layers.0.mlp.down_proj', 'model.language_model.layers.1.self_attn.q_proj', 'model.language_model.layers.1.self_attn.k_proj', 'model.language_model.layers.1.self_attn.v_proj', 'model.language_model.layers.1.self_attn.o_proj', 'model.language_model.layers.1.mlp.gate_proj', 'model.language_model.layers.1.mlp.up_proj', 'model.language_model.layers.1.mlp.down_proj', 'model.language_model.layers.2.self_attn.q_proj', 'model.language_model.layers.2.self_attn.k_proj', 'model.language_model.layers.2.self_attn.v_proj', 'model.language_model.layers.2.self_attn.o_proj', 'model.language_model.layers.2.mlp.gate_proj', 'model.language_model.layers.2.mlp.up_proj', 'model.language_model.layers.2.mlp.down_proj', 'model.language_model.layers.3.self_attn.q_proj', 'model.language_model.layers.3.self_attn.k_proj', 'model.language_model.layers.3.self_attn.v_proj', 'model.language_model.layers.3.self_attn.o_proj', 'model.language_model.layers.3.mlp.gate_proj', 'model.language_model.layers.3.mlp.up_proj', 'model.language_model.layers.3.mlp.down_proj', 'model.language_model.layers.4.self_attn.q_proj', 'model.language_model.layers.4.self_attn.k_proj', 'model.language_model.layers.4.self_attn.v_proj', 'model.language_model.layers.4.self_attn.o_proj', 'model.language_model.layers.4.mlp.gate_proj', 'model.language_model.layers.4.mlp.up_proj', 'model.language_model.layers.4.mlp.down_proj', 'model.language_model.layers.5.self_attn.q_proj', 'model.language_model.layers.5.self_attn.k_proj', 'model.language_model.layers.5.self_attn.v_proj', 'model.language_model.layers.5.self_attn.o_proj', 'model.language_model.layers.5.mlp.gate_proj', 'model.language_model.layers.5.mlp.up_proj', 'model.language_model.layers.5.mlp.down_proj', 'model.language_model.layers.6.self_attn.q_proj', 'model.language_model.layers.6.self_attn.k_proj', 'model.language_model.layers.6.self_attn.v_proj', 'model.language_model.layers.6.self_attn.o_proj', 'model.language_model.layers.6.mlp.gate_proj', 'model.language_model.layers.6.mlp.up_proj', 'model.language_model.layers.6.mlp.down_proj', 'model.language_model.layers.7.self_attn.q_proj', 'model.language_model.layers.7.self_attn.k_proj', 'model.language_model.layers.7.self_attn.v_proj', 'model.language_model.layers.7.self_attn.o_proj', 'model.language_model.layers.7.mlp.gate_proj', 'model.language_model.layers.7.mlp.up_proj', 'model.language_model.layers.7.mlp.down_proj', 'model.language_model.layers.8.self_attn.q_proj', 'model.language_model.layers.8.self_attn.k_proj', 'model.language_model.layers.8.self_attn.v_proj', 'model.language_model.layers.8.self_attn.o_proj', 'model.language_model.layers.8.mlp.gate_proj', 'model.language_model.layers.8.mlp.up_proj', 'model.language_model.layers.8.mlp.down_proj', 'model.language_model.layers.9.self_attn.q_proj', 'model.language_model.layers.9.self_attn.k_proj', 'model.language_model.layers.9.self_attn.v_proj', 'model.language_model.layers.9.self_attn.o_proj', 'model.language_model.layers.9.mlp.gate_proj', 'model.language_model.layers.9.mlp.up_proj', 'model.language_model.layers.9.mlp.down_proj', 'model.language_model.layers.10.self_attn.q_proj', 'model.language_model.layers.10.self_attn.k_proj', 'model.language_model.layers.10.self_attn.v_proj', 'model.language_model.layers.10.self_attn.o_proj', 'model.language_model.layers.10.mlp.gate_proj', 'model.language_model.layers.10.mlp.up_proj', 'model.language_model.layers.10.mlp.down_proj', 'model.language_model.layers.11.self_attn.q_proj', 'model.language_model.layers.11.self_attn.k_proj', 'model.language_model.layers.11.self_attn.v_proj', 'model.language_model.layers.11.self_attn.o_proj', 'model.language_model.layers.11.mlp.gate_proj', 'model.language_model.layers.11.mlp.up_proj', 'model.language_model.layers.11.mlp.down_proj', 'model.language_model.layers.12.self_attn.q_proj', 'model.language_model.layers.12.self_attn.k_proj', 'model.language_model.layers.12.self_attn.v_proj', 'model.language_model.layers.12.self_attn.o_proj', 'model.language_model.layers.12.mlp.gate_proj', 'model.language_model.layers.12.mlp.up_proj', 'model.language_model.layers.12.mlp.down_proj', 'model.language_model.layers.13.self_attn.q_proj', 'model.language_model.layers.13.self_attn.k_proj', 'model.language_model.layers.13.self_attn.v_proj', 'model.language_model.layers.13.self_attn.o_proj', 'model.language_model.layers.13.mlp.gate_proj', 'model.language_model.layers.13.mlp.up_proj', 'model.language_model.layers.13.mlp.down_proj', 'model.language_model.layers.14.self_attn.q_proj', 'model.language_model.layers.14.self_attn.k_proj', 'model.language_model.layers.14.self_attn.v_proj', 'model.language_model.layers.14.self_attn.o_proj', 'model.language_model.layers.14.mlp.gate_proj', 'model.language_model.layers.14.mlp.up_proj', 'model.language_model.layers.14.mlp.down_proj', 'model.language_model.layers.15.self_attn.q_proj', 'model.language_model.layers.15.self_attn.k_proj', 'model.language_model.layers.15.self_attn.v_proj', 'model.language_model.layers.15.self_attn.o_proj', 'model.language_model.layers.15.mlp.gate_proj', 'model.language_model.layers.15.mlp.up_proj', 'model.language_model.layers.15.mlp.down_proj', 'model.language_model.layers.16.self_attn.q_proj', 'model.language_model.layers.16.self_attn.k_proj', 'model.language_model.layers.16.self_attn.v_proj', 'model.language_model.layers.16.self_attn.o_proj', 'model.language_model.layers.16.mlp.gate_proj', 'model.language_model.layers.16.mlp.up_proj', 'model.language_model.layers.16.mlp.down_proj', 'model.language_model.layers.17.self_attn.q_proj', 'model.language_model.layers.17.self_attn.k_proj', 'model.language_model.layers.17.self_attn.v_proj', 'model.language_model.layers.17.self_attn.o_proj', 'model.language_model.layers.17.mlp.gate_proj', 'model.language_model.layers.17.mlp.up_proj', 'model.language_model.layers.17.mlp.down_proj', 'model.language_model.layers.18.self_attn.q_proj', 'model.language_model.layers.18.self_attn.k_proj', 'model.language_model.layers.18.self_attn.v_proj', 'model.language_model.layers.18.self_attn.o_proj', 'model.language_model.layers.18.mlp.gate_proj', 'model.language_model.layers.18.mlp.up_proj', 'model.language_model.layers.18.mlp.down_proj', 'model.language_model.layers.19.self_attn.q_proj', 'model.language_model.layers.19.self_attn.k_proj', 'model.language_model.layers.19.self_attn.v_proj', 'model.language_model.layers.19.self_attn.o_proj', 'model.language_model.layers.19.mlp.gate_proj', 'model.language_model.layers.19.mlp.up_proj', 'model.language_model.layers.19.mlp.down_proj', 'model.language_model.layers.20.self_attn.q_proj', 'model.language_model.layers.20.self_attn.k_proj', 'model.language_model.layers.20.self_attn.v_proj', 'model.language_model.layers.20.self_attn.o_proj', 'model.language_model.layers.20.mlp.gate_proj', 'model.language_model.layers.20.mlp.up_proj', 'model.language_model.layers.20.mlp.down_proj', 'model.language_model.layers.21.self_attn.q_proj', 'model.language_model.layers.21.self_attn.k_proj', 'model.language_model.layers.21.self_attn.v_proj', 'model.language_model.layers.21.self_attn.o_proj', 'model.language_model.layers.21.mlp.gate_proj', 'model.language_model.layers.21.mlp.up_proj', 'model.language_model.layers.21.mlp.down_proj', 'model.language_model.layers.22.self_attn.q_proj', 'model.language_model.layers.22.self_attn.k_proj', 'model.language_model.layers.22.self_attn.v_proj', 'model.language_model.layers.22.self_attn.o_proj', 'model.language_model.layers.22.mlp.gate_proj', 'model.language_model.layers.22.mlp.up_proj', 'model.language_model.layers.22.mlp.down_proj', 'model.language_model.layers.23.self_attn.q_proj', 'model.language_model.layers.23.self_attn.k_proj', 'model.language_model.layers.23.self_attn.v_proj', 'model.language_model.layers.23.self_attn.o_proj', 'model.language_model.layers.23.mlp.gate_proj', 'model.language_model.layers.23.mlp.up_proj', 'model.language_model.layers.23.mlp.down_proj', 'model.language_model.layers.24.self_attn.q_proj', 'model.language_model.layers.24.self_attn.k_proj', 'model.language_model.layers.24.self_attn.v_proj', 'model.language_model.layers.24.self_attn.o_proj', 'model.language_model.layers.24.mlp.gate_proj', 'model.language_model.layers.24.mlp.up_proj', 'model.language_model.layers.24.mlp.down_proj', 'model.language_model.layers.25.self_attn.q_proj', 'model.language_model.layers.25.self_attn.k_proj', 'model.language_model.layers.25.self_attn.v_proj', 'model.language_model.layers.25.self_attn.o_proj', 'model.language_model.layers.25.mlp.gate_proj', 'model.language_model.layers.25.mlp.up_proj', 'model.language_model.layers.25.mlp.down_proj', 'model.language_model.layers.26.self_attn.q_proj', 'model.language_model.layers.26.self_attn.k_proj', 'model.language_model.layers.26.self_attn.v_proj', 'model.language_model.layers.26.self_attn.o_proj', 'model.language_model.layers.26.mlp.gate_proj', 'model.language_model.layers.26.mlp.up_proj', 'model.language_model.layers.26.mlp.down_proj', 'model.language_model.layers.27.self_attn.q_proj', 'model.language_model.layers.27.self_attn.k_proj', 'model.language_model.layers.27.self_attn.v_proj', 'model.language_model.layers.27.self_attn.o_proj', 'model.language_model.layers.27.mlp.gate_proj', 'model.language_model.layers.27.mlp.up_proj', 'model.language_model.layers.27.mlp.down_proj']
Adding LoRA to the model...
Fetching 1 files: 100%|######################################################################| 1/1 [00:00<00:00, 2308.37it/s]
Fetching 1 files: 100%|######################################################################| 1/1 [00:00<00:00, 2560.63it/s]
Fetching 1 files: 100%|######################################################################| 1/1 [00:00<00:00, 3030.57it/s]
Fetching 1 files: 100%|######################################################################| 1/1 [00:00<00:00, 2441.39it/s]
Fetching 1 files: 100%|#######################################################################| 1/1 [00:00<00:00, 507.42it/s]
Fetching 1 files: 100%|#######################################################################| 1/1 [00:00<00:00, 561.26it/s]
Gradient accumulation steps mismatch: GradientAccumulationPlugin has 1, DeepSpeed config has 8. Using DeepSpeed's value.
Fetching 1 files: 100%|######################################################################| 1/1 [00:00<00:00, 2417.47it/s]
Fetching 1 files: 100%|######################################################################| 1/1 [00:00<00:00, 1141.31it/s]
Installed CUDA version 12.9 does not match the version torch was compiled with 12.8 but since the APIs are compatible, accepting this combination
Installed CUDA version 12.9 does not match the version torch was compiled with 12.8 but since the APIs are compatible, accepting this combination
[rank1]:W0924 19:20:14.866000 3730270 site-packages/torch/utils/cpp_extension.py:2425] TORCH_CUDA_ARCH_LIST is not set, all archs for visible cards are included for compilation. 
[rank1]:W0924 19:20:14.866000 3730270 site-packages/torch/utils/cpp_extension.py:2425] If this is not desired, please set os.environ['TORCH_CUDA_ARCH_LIST'] to specific architectures.
ninja: no work to do.
Time to load cpu_adam op: 2.525688886642456 seconds
Time to load cpu_adam op: 2.598568916320801 seconds
Parameter Offload - Persistent parameters statistics: param_count = 424, numel = 2683904
  0%|                                                                                                 | 0/16 [00:00<?, ?it/s]`use_cache=True` is incompatible with gradient checkpointing. Setting `use_cache=False`...
`use_cache=True` is incompatible with gradient checkpointing. Setting `use_cache=False`...
{'loss': 0.9695, 'grad_norm': 39.17298889160156, 'learning_rate': 0.0001, 'epoch': 0.06}                                     
{'loss': 1.2376, 'grad_norm': 18.644941329956055, 'learning_rate': 9.890738003669029e-05, 'epoch': 0.13}                     
{'loss': 0.4405, 'grad_norm': 11.975435256958008, 'learning_rate': 9.567727288213005e-05, 'epoch': 0.19}                     
{'loss': 0.2835, 'grad_norm': 23.517200469970703, 'learning_rate': 9.045084971874738e-05, 'epoch': 0.26}                     
{'loss': 0.6438, 'grad_norm': 25.573593139648438, 'learning_rate': 8.345653031794292e-05, 'epoch': 0.32}                     
{'loss': 0.5258, 'grad_norm': 35.67723083496094, 'learning_rate': 7.500000000000001e-05, 'epoch': 0.38}                      
{'loss': 0.4495, 'grad_norm': 60.711669921875, 'learning_rate': 6.545084971874738e-05, 'epoch': 0.45}                        
{'loss': 0.5072, 'grad_norm': 11.990253448486328, 'learning_rate': 5.522642316338268e-05, 'epoch': 0.51}                     
{'loss': 0.3443, 'grad_norm': 9.659695625305176, 'learning_rate': 4.477357683661734e-05, 'epoch': 0.58}                      
{'loss': 0.5523, 'grad_norm': 27.536212921142578, 'learning_rate': 3.4549150281252636e-05, 'epoch': 0.64}                    
{'loss': 0.3007, 'grad_norm': 36.5468864440918, 'learning_rate': 2.500000000000001e-05, 'epoch': 0.7}                        
{'loss': 0.523, 'grad_norm': 13.19312572479248, 'learning_rate': 1.6543469682057106e-05, 'epoch': 0.77}                      
{'loss': 0.6531, 'grad_norm': 13.638035774230957, 'learning_rate': 9.549150281252633e-06, 'epoch': 0.83}                     
{'loss': 0.499, 'grad_norm': 12.504850387573242, 'learning_rate': 4.322727117869951e-06, 'epoch': 0.9}                       
{'loss': 0.4487, 'grad_norm': 17.688879013061523, 'learning_rate': 1.0926199633097157e-06, 'epoch': 0.96}                    
{'loss': 0.3854, 'grad_norm': 17.6341609954834, 'learning_rate': 0.0, 'epoch': 1.0}                                          
{'train_runtime': 951.6446, 'train_samples_per_second': 1.051, 'train_steps_per_second': 0.017, 'train_loss': 0.5477442108094692, 'epoch': 1.0}
100%|########################################################################################| 16/16 [15:52<00:00, 59.56s/it]
[2025-09-24 19:36:55,098] [INFO] [launch.py:351:main] Process 3730270 exits successfully.
[2025-09-24 19:37:00,099] [INFO] [launch.py:351:main] Process 3730269 exits successfully.