CUDA_VISIBLE_DEVICES=0
Tue Nov 18 18:52:29 2025       
+-----------------------------------------------------------------------------------------+
| NVIDIA-SMI 580.95.05              Driver Version: 580.95.05      CUDA Version: 13.0     |
+-----------------------------------------+------------------------+----------------------+
| GPU  Name                 Persistence-M | Bus-Id          Disp.A | Volatile Uncorr. ECC |
| Fan  Temp   Perf          Pwr:Usage/Cap |           Memory-Usage | GPU-Util  Compute M. |
|                                         |                        |               MIG M. |
|=========================================+========================+======================|
|   0  Quadro RTX 8000                Off |   00000000:86:00.0 Off |                  Off |
| 34%   35C    P8             24W /  260W |       6MiB /  49152MiB |      0%      Default |
|                                         |                        |                  N/A |
+-----------------------------------------+------------------------+----------------------+

+-----------------------------------------------------------------------------------------+
| Processes:                                                                              |
|  GPU   GI   CI              PID   Type   Process name                        GPU Memory |
|        ID   ID                                                               Usage      |
|=========================================================================================|
|    0   N/A  N/A            5649      G   /usr/lib/xorg/Xorg                        4MiB |
+-----------------------------------------------------------------------------------------+
Ashmal here  /home/ashmal/Courses/CVS/Assignment_10/sdxl_turbo_dataset True
Using folder dataset from: /home/ashmal/Courses/CVS/Assignment_10/sdxl_turbo_dataset
latest
Checkpoint 'latest' does not exist. Starting a new training run.
